[2026-02-12 14:46:48] [INFO] ============================================================
[2026-02-12 14:46:48] [INFO] Teacher Assistant AI 服务启动管理器
[2026-02-12 14:46:48] [INFO] ============================================================
[2026-02-12 14:46:48] [INFO] 启动模式: 并行
[2026-02-12 14:46:48] [INFO] 日志级别: INFO
[2026-02-12 14:46:48] [INFO] ------------------------------------------------------------
[2026-02-12 14:46:49] [INFO] [试卷批改服务] 启动成功 - PID: 6912, Port: 5001, 耗时: 1.01s
[2026-02-12 14:46:49] [INFO] [智能组卷服务] 启动成功 - PID: 17556, Port: 5002, 耗时: 1.01s
[2026-02-12 14:46:49] [INFO] [代码批改服务] 启动成功 - PID: 14640, Port: 5004, 耗时: 1.01s
[2026-02-12 14:46:49] [INFO] [成绩分析服务] 启动成功 - PID: 23592, Port: 5003, 耗时: 1.01s
[2026-02-12 14:46:49] [INFO] ------------------------------------------------------------
[2026-02-12 14:46:49] [INFO] 启动完成 - 总计: 4 个服务
[2026-02-12 14:46:49] [INFO]   成功: 4 个
[2026-02-12 14:46:49] [INFO]   失败: 0 个
[2026-02-12 14:46:49] [INFO]   总耗时: 1.02 秒
[2026-02-12 14:46:49] [INFO] ------------------------------------------------------------
[2026-02-12 14:46:49] [INFO] 服务状态详情:
[2026-02-12 14:46:49] [INFO] 服务名称                 端口       PID        状态        
[2026-02-12 14:46:49] [INFO] --------------------------------------------------
[2026-02-12 14:46:49] [INFO] 试卷批改服务             5001     6912       ✓ running
[2026-02-12 14:46:49] [INFO] 智能组卷服务             5002     17556      ✓ running
[2026-02-12 14:46:49] [INFO] 成绩分析服务             5003     23592      ✓ running
[2026-02-12 14:46:49] [INFO] 代码批改服务             5004     14640      ✓ running
[2026-02-12 14:46:49] [INFO] 启动报告已保存: d:\Teacher_Assistant_AI\backend\logs\latest_startup_report.txt
[2026-02-12 14:46:49] [INFO] 
正在监控服务状态 (按 Ctrl+C 停止)...

[2026-02-12 14:46:54] [WARNING] [智能组卷服务] 服务异常退出 (退出码: 1)
