[2026-02-12 14:57:46] [INFO] ============================================================
[2026-02-12 14:57:46] [INFO] Teacher Assistant AI 服务启动管理器
[2026-02-12 14:57:46] [INFO] ============================================================
[2026-02-12 14:57:46] [INFO] 启动模式: 并行
[2026-02-12 14:57:46] [INFO] 日志级别: INFO
[2026-02-12 14:57:46] [INFO] ------------------------------------------------------------
[2026-02-12 14:57:47] [INFO] [智能组卷服务] 启动成功 - PID: 29548, Port: 5002, 耗时: 1.01s
[2026-02-12 14:57:47] [INFO] [试卷批改服务] 启动成功 - PID: 17508, Port: 5001, 耗时: 1.01s
[2026-02-12 14:57:47] [INFO] [登录服务] 启动成功 - PID: 18724, Port: 5000, 耗时: 1.03s
[2026-02-12 14:57:47] [INFO] [成绩分析服务] 启动成功 - PID: 28488, Port: 5003, 耗时: 1.03s
[2026-02-12 14:57:47] [INFO] [代码批改服务] 启动成功 - PID: 29788, Port: 5004, 耗时: 1.03s
[2026-02-12 14:57:47] [INFO] ------------------------------------------------------------
[2026-02-12 14:57:47] [INFO] 启动完成 - 总计: 5 个服务
[2026-02-12 14:57:47] [INFO]   成功: 5 个
[2026-02-12 14:57:47] [INFO]   失败: 0 个
[2026-02-12 14:57:47] [INFO]   总耗时: 1.03 秒
[2026-02-12 14:57:47] [INFO] ------------------------------------------------------------
[2026-02-12 14:57:47] [INFO] 服务状态详情:
[2026-02-12 14:57:47] [INFO] 服务名称                 端口       PID        状态        
[2026-02-12 14:57:47] [INFO] --------------------------------------------------
[2026-02-12 14:57:47] [INFO] 登录服务               5000     18724      ✓ running
[2026-02-12 14:57:47] [INFO] 试卷批改服务             5001     17508      ✓ running
[2026-02-12 14:57:47] [INFO] 智能组卷服务             5002     29548      ✓ running
[2026-02-12 14:57:47] [INFO] 成绩分析服务             5003     28488      ✓ running
[2026-02-12 14:57:47] [INFO] 代码批改服务             5004     29788      ✓ running
[2026-02-12 14:57:47] [INFO] 启动报告已保存: d:\Teacher_Assistant_AI\backend\logs\latest_startup_report.txt
[2026-02-12 14:57:47] [INFO] 
正在监控服务状态 (按 Ctrl+C 停止)...

