[2026-02-12 16:14:47] [INFO] ============================================================
[2026-02-12 16:14:47] [INFO] Teacher Assistant AI 服务启动管理器
[2026-02-12 16:14:47] [INFO] ============================================================
[2026-02-12 16:14:47] [INFO] 启动模式: 并行
[2026-02-12 16:14:47] [INFO] 日志级别: INFO
[2026-02-12 16:14:47] [INFO] ------------------------------------------------------------
[2026-02-12 16:14:48] [INFO] [代码批改服务] 启动成功 - PID: 191900, Port: 5004, 耗时: 1.02s
[2026-02-12 16:14:48] [INFO] [试卷批改服务] 启动成功 - PID: 191424, Port: 5001, 耗时: 1.02s
[2026-02-12 16:14:48] [INFO] [登录服务] 启动成功 - PID: 193508, Port: 5000, 耗时: 1.02s
[2026-02-12 16:14:48] [INFO] [智能组卷服务] 启动成功 - PID: 192844, Port: 5002, 耗时: 1.02s
[2026-02-12 16:14:48] [ERROR] [成绩分析服务] 启动失败: Traceback (most recent call last):
  File "d:\Teacher_Assistant_AI\backend\achievement_analysis\data_analyzer.py", line 8, in <module>
    import matplotlib
ModuleNotFoundError: No module named 'matplotlib'
[2026-02-12 16:14:48] [INFO] ------------------------------------------------------------
[2026-02-12 16:14:48] [INFO] 启动完成 - 总计: 5 个服务
[2026-02-12 16:14:48] [INFO]   成功: 4 个
[2026-02-12 16:14:48] [INFO]   失败: 1 个
[2026-02-12 16:14:48] [INFO]   总耗时: 1.02 秒
[2026-02-12 16:14:48] [INFO] ------------------------------------------------------------
[2026-02-12 16:14:48] [INFO] 服务状态详情:
[2026-02-12 16:14:48] [INFO] 服务名称                 端口       PID        状态        
[2026-02-12 16:14:48] [INFO] --------------------------------------------------
[2026-02-12 16:14:48] [INFO] 登录服务               5000     193508     ✓ running
[2026-02-12 16:14:48] [INFO] 试卷批改服务             5001     191424     ✓ running
[2026-02-12 16:14:48] [INFO] 智能组卷服务             5002     192844     ✓ running
[2026-02-12 16:14:48] [INFO] 成绩分析服务             5003     184236     ✗ failed
[2026-02-12 16:14:48] [INFO]   错误: Traceback (most recent call last):
  File "d:\Teacher_Assistant_AI\backend\achievement_analysis\data_analyzer.py", line 8, in <module>
    import matplotlib
ModuleNotFoundError: No module named 'matplotlib'
[2026-02-12 16:14:48] [INFO] 代码批改服务             5004     191900     ✓ running
[2026-02-12 16:14:48] [INFO] 启动报告已保存: d:\Teacher_Assistant_AI\backend\logs\latest_startup_report.txt
[2026-02-12 16:14:48] [WARNING] 部分服务启动失败，请检查日志
[2026-02-12 16:14:48] [INFO] 
正在监控服务状态 (按 Ctrl+C 停止)...

